perintah di git bash
ls semacam dir 
cd pindah directory spt cd
langkah buat repository
1. buat folder untuk repository dengan windows exploler di desktop mis git-repo
2. cd git-repo
3. git init menjadikan folder git-repo sebagai repository
maka ada tampilan Sahabat Web@SahabatWeb-PC MINGW32 ~/desktop/git-repo (master)
maka secara otomatis tersimpan di git-repo subfolder bernama .git
saat kita membuat file di repo mis index.html
bisa kita tampilkan status repository dengan git status
$ git status
On branch master
No commits yet
Untracked files:
  (use "git add <file>..." to include in what will be committed)
        index.html
Pada branch mater terdapat file index.html yang belum melakukan commit
agar bisa dilakukan commit, file index.html harus tersimpan di staging area dengan cara
git add index.html
saat git status muncul
$ git status
On branch master
No commits yet
Changes to be committed:
  (use "git rm --cached <file>..." to unstage)
        new file:   index.html
ada 1 file di branch master yang siap dicommit
saat pertama kali membuat git commit 
perlu inisialisasi identitas
$ git config --global user.email "husniorbek@gmail.com"
$ git config --global user.name SahabatWeb
Saat melakukan commit
$ git commit -m "menambahkan file index.html"
maka muncul 
[master (root-commit) 5f49e24] menambahkan file index.html
 1 file changed, 12 insertions(+)
 create mode 100644 index.html
 Saat kita buat file baru style.css dan melink dengan index.html
 $ git status
On branch master
Changes not staged for commit:
  (use "git add <file>..." to update what will be committed)
  (use "git restore <file>..." to discard changes in working directory)
        modified:   index.html
Untracked files:
  (use "git add <file>..." to include in what will be committed)
        style.css
no changes added to commit (use "git add" and/or "git commit -a")
tampak saat git status ada index.html termodifikasi dan ada style.css 
dengan 
git . maka semuanya akan disimpan di staging area
 








